Microchip MPLAB XC8 Compiler V1.45 ()

Linker command line:

-W-3 --edf=C:\Program Files (x86)\Microchip\xc8\v1.45\dat\en_msgs.txt -cs \
  -h+dist/default/debug\mplab.debug.sym \
  --cmf=dist/default/debug\mplab.debug.cmf -z -Q18F26K22 \
  -oC:\Users\dmiles\AppData\Local\Temp\seg9k.2 \
  -Mdist/default/debug/mplab.debug.map -E1 -ver=XC8 -ASTACK=01F1h-0f37h \
  -pstack=STACK -ACODE=00h-0FFFFh -ACONST=00h-0FFFFh \
  -ASMALLCONST=01000h-010FFhx240 -AMEDIUMCONST=01000h-0FFFFh \
  -ACOMRAM=01h-05Fh -AABS1=00h-0F37h -ABIGRAM=01h-0F37h \
  -ARAM=060h-0FFh,0100h-01FFhx14,0F00h-0F37h -ABANK0=060h-0FFh \
  -ABANK1=0100h-01FFh -ABANK2=0200h-02FFh -ABANK3=0300h-03FFh \
  -ABANK4=0400h-04FFh -ABANK5=0500h-05FFh -ABANK6=0600h-06FFh \
  -ABANK7=0700h-07FFh -ABANK8=0800h-08FFh -ABANK9=0900h-09FFh \
  -ABANK10=0A00h-0AFFh -ABANK11=0B00h-0BFFh -ABANK12=0C00h-0CFFh \
  -ABANK13=0D00h-0DFFh -ABANK14=0E00h-0EFFh -ABANK15=0F00h-0F37h \
  -ASFR=0F38h-0F5Fh,0F60h-0FFCh \
  -preset_vec=00h,intcode,intcodelo,powerup,init -pramtop=01000h \
  -psmallconst=SMALLCONST -pmediumconst=MEDIUMCONST -pconst=CONST \
  -AFARRAM=00h-00h -ACONFIG=0300000h-030000Dh -pconfig=CONFIG \
  -AIDLOC=0200000h-0200007h -pidloc=IDLOC -AEEDATA=0F00000h-0F003FFh \
  -peeprom_data=EEDATA \
  -prdata=COMRAM,nvrram=COMRAM,nvbit=COMRAM,rbss=COMRAM,rbit=COMRAM \
  -pfarbss=FARRAM,fardata=FARRAM,nvFARRAM=FARRAM \
  -pintsave_regs=BIGRAM,bigbss=BIGRAM,bigdata=BIGRAM -pbss=RAM \
  -pidata=CODE,irdata=CODE,ibigdata=CODE,ifardata=CODE -prparam=COMRAM \
  C:\Users\dmiles\AppData\Local\Temp\seg9k.obj \
  dist/default/debug\mplab.debug.obj 

Object code version is 3.11

Machine type is 18F26K22

Call graph: (short form)




                Name                               Link     Load   Length Selector   Space Scale
C:\Users\dmiles\AppData\Local\Temp\seg9k.obj
                init                                  2        2        4        0       0
                reset_vec                             0        0        2        0       0
                idloc                            200000   200000        8   200000       0
                config                           300000   300000        E   300000       0
dist/default/debug\mplab.debug.obj
                mediumconst                        FDFE     FDFE      202     7EFF       0
                text22                             EAA4     EAA4       12     7552       0
                text21                             EA6A     EA6A        E     7535       0
                text20                             EBCC     EBCC       42     75E6       0
                text19                             F204     F204      324     7902       0
                text18                             EACE     EACE       1A     7567       0
                text17                             ED7E     ED7E       8E     76BF       0
                text16                             EB46     EB46       28     75A3       0
                text15                             EC80     EC80       7C     7640       0
                text14                             EB6E     EB6E       28     75B7       0
                text13                             EF52     EF52       C2     77A9       0
                text12                             EB02     EB02       22     7581       0
                text11                             EB24     EB24       22     7592       0
                text10                             EAE8     EAE8       1A     7574       0
                text9                              EA78     EA78        E     753C       0
                text8                              EA86     EA86        E     7543       0
                text7                              EC0E     EC0E       72     7607       0
                text6                              EA94     EA94       10     754A       0
                text5                              EEA8     EEA8       AA     7754       0
                text4                              EAB6     EAB6       18     755B       0
                text3                              ECFC     ECFC       82     767E       0
                text2                              F014     F014      1F0     780A       0
                text1                              EE0C     EE0C       9C     7706       0
                text0                              F528     F528      8D6     7A94       0
                cstackCOMRAM                          1        1       38        1       1
                bssBIGRAM                            E1       E1      110       E1       1
                bssBANK0                             60       60       81       60       1
                bssCOMRAM                            39       39        D        1       1
                cinit                              EB96     EB96       36     75CB       0

TOTAL           Name                               Link     Load   Length     Space
        CLASS   STACK          

        CLASS   CODE           
                init                                  2        2        4         0
                reset_vec                             0        0        2         0
                text22                             EAA4     EAA4       12         0
                text21                             EA6A     EA6A        E         0
                text20                             EBCC     EBCC       42         0
                text19                             F204     F204      324         0
                text18                             EACE     EACE       1A         0
                text17                             ED7E     ED7E       8E         0
                text16                             EB46     EB46       28         0
                text15                             EC80     EC80       7C         0
                text14                             EB6E     EB6E       28         0
                text13                             EF52     EF52       C2         0
                text12                             EB02     EB02       22         0
                text11                             EB24     EB24       22         0
                text10                             EAE8     EAE8       1A         0
                text9                              EA78     EA78        E         0
                text8                              EA86     EA86        E         0
                text7                              EC0E     EC0E       72         0
                text6                              EA94     EA94       10         0
                text5                              EEA8     EEA8       AA         0
                text4                              EAB6     EAB6       18         0
                text3                              ECFC     ECFC       82         0
                text2                              F014     F014      1F0         0
                text1                              EE0C     EE0C       9C         0
                text0                              F528     F528      8D6         0
                cinit                              EB96     EB96       36         0

        CLASS   CONST          

        CLASS   SMALLCONST     

        CLASS   MEDIUMCONST    
                mediumconst                        FDFE     FDFE      202         0

        CLASS   COMRAM         
                cstackCOMRAM                          1        1       38         1
                bssCOMRAM                            39       39        D         1

        CLASS   ABS1           

        CLASS   BIGRAM         
                bssBIGRAM                            E1       E1      110         1

        CLASS   RAM            

        CLASS   BANK0          
                bssBANK0                             60       60       81         1

        CLASS   BANK1          

        CLASS   BANK2          

        CLASS   BANK3          

        CLASS   BANK4          

        CLASS   BANK5          

        CLASS   BANK6          

        CLASS   BANK7          

        CLASS   BANK8          

        CLASS   BANK9          

        CLASS   BANK10         

        CLASS   BANK11         

        CLASS   BANK12         

        CLASS   BANK13         

        CLASS   BANK14         

        CLASS   BANK15         

        CLASS   SFR            

        CLASS   FARRAM         

        CLASS   CONFIG         
                config                           300000   300000        E         0

        CLASS   IDLOC          
                idloc                            200000   200000        8         0

        CLASS   EEDATA         



SEGMENTS        Name                           Load    Length   Top    Selector   Space  Class

                reset_vec                      000000  000006  000006         0       0  CODE    
                cstackCOMRAM                   000001  000045  000046         1       1  COMRAM  
                bssBANK0                       000060  000081  0000E1        60       1  BANK0   
                bssBIGRAM                      0000E1  000110  0001F1        E1       1  BIGRAM  
                text21                         00EA6A  00000E  00EA78      7535       0  CODE    
                text9                          00EA78  00000E  00EA86      753C       0  CODE    
                text8                          00EA86  00000E  00EA94      7543       0  CODE    
                text6                          00EA94  000010  00EAA4      754A       0  CODE    
                text22                         00EAA4  000012  00EAB6      7552       0  CODE    
                text4                          00EAB6  000018  00EACE      755B       0  CODE    
                text18                         00EACE  00001A  00EAE8      7567       0  CODE    
                text10                         00EAE8  00001A  00EB02      7574       0  CODE    
                text12                         00EB02  000022  00EB24      7581       0  CODE    
                text11                         00EB24  000022  00EB46      7592       0  CODE    
                text16                         00EB46  000028  00EB6E      75A3       0  CODE    
                text14                         00EB6E  000028  00EB96      75B7       0  CODE    
                cinit                          00EB96  000036  00EBCC      75CB       0  CODE    
                text20                         00EBCC  000042  00EC0E      75E6       0  CODE    
                text7                          00EC0E  000072  00EC80      7607       0  CODE    
                text15                         00EC80  00007C  00ECFC      7640       0  CODE    
                text3                          00ECFC  000082  00ED7E      767E       0  CODE    
                text17                         00ED7E  00008E  00EE0C      76BF       0  CODE    
                text1                          00EE0C  00009C  00EEA8      7706       0  CODE    
                text5                          00EEA8  0000AA  00EF52      7754       0  CODE    
                text13                         00EF52  0000C2  00F014      77A9       0  CODE    
                text2                          00F014  0001F0  00F204      780A       0  CODE    
                text19                         00F204  000324  00F528      7902       0  CODE    
                text0                          00F528  0008D6  00FDFE      7A94       0  CODE    
                mediumconst                    00FDFE  000202  010000      7EFF       0  MEDIUMCO
                idloc                          200000  000008  200008    200000       0  IDLOC   
                config                         300000  00000E  30000E    300000       0  CONFIG  


UNUSED ADDRESS RANGES

        Name                Unused          Largest block    Delta
        BANK1            0001F1-0001FF                F
        BANK10           000A00-000AFF              100
        BANK11           000B00-000BFF              100
        BANK12           000C00-000CFF              100
        BANK13           000D00-000DFF              100
        BANK14           000E00-000EFF              100
        BANK15           000F00-000F37               38
        BANK2            000200-0002FF              100
        BANK3            000300-0003FF              100
        BANK4            000400-0004FF              100
        BANK5            000500-0005FF              100
        BANK6            000600-0006FF              100
        BANK7            000700-0007FF              100
        BANK8            000800-0008FF              100
        BANK9            000900-0009FF              100
        BIGRAM           000046-00005F               1A
                         0001F1-000F37              D47
        CODE             000006-00EA69             EA64
        COMRAM           000046-00005F               1A
        CONST            000006-00EA69             EA64
        EEDATA           F00000-F003FF              400
        MEDIUMCONST      001000-00EA69             DA6A
        RAM              0001F1-000F37              100
        SFR              000F38-000FFC               28
        SMALLCONST       001000-00EA69              100
        STACK            0001F1-000F37              D47

                                  Symbol Table

?_FifoDequeue                     cstackCOMRAM 000003
?_GetChar9                        cstackCOMRAM 000002
?___lldiv                         cstackCOMRAM 000001
?_compute_crc                     cstackCOMRAM 000001
DigitalBreakout@mask              cstackCOMRAM 00000F
DigitalBreakout@newData           cstackCOMRAM 000008
DigitalBreakout@output            cstackCOMRAM 00000D
DigitalBreakout@x                 cstackCOMRAM 00000C
DisableTransceiverTX@uart_index   cstackCOMRAM 000001
EnableTransceiverRX@uart_index    cstackCOMRAM 000001
EnableTransceiverTX@uart_index    cstackCOMRAM 000001
EnableTransmitter@uart_index      cstackCOMRAM 000001
FifoDequeue@buffer                cstackCOMRAM 000003
FifoDequeue@data                  cstackCOMRAM 000006
FifoEnqueue@buffer                cstackCOMRAM 000005
FifoEnqueue@data                  cstackCOMRAM 000007
FifoInitialize@buffer             cstackCOMRAM 000001
GetChar9@data                     cstackCOMRAM 000005
GetChar9@uart_index               cstackCOMRAM 000004
IsFifoEmpty@buffer                cstackCOMRAM 000001
IsFifoFull@buffer                 cstackCOMRAM 000001
IsRxDataAvailable@uart_index      cstackCOMRAM 000001
IsTransmitterEnabled@uart_index   cstackCOMRAM 000001
IsTransmitterReady@uart_index     cstackCOMRAM 000002
PutChar9@data                     cstackCOMRAM 000002
PutChar9@uart_index               cstackCOMRAM 000004
PutChar9Default@data              cstackCOMRAM 000008
TinyDelay@data                    cstackCOMRAM 000011
UART_Initialize@baud              cstackCOMRAM 00000E
UART_Initialize@clock_freq        cstackCOMRAM 000018
UART_Initialize@interrupt_control cstackCOMRAM 000013
UART_Initialize@mode_9bit         cstackCOMRAM 000012
UART_Initialize@temp              cstackCOMRAM 00001C
UART_Initialize@uart_index        cstackCOMRAM 000020
_ANSELA                           (abs)        000F38
_ANSELB                           (abs)        000F39
_ANSELC                           (abs)        000F3A
_BAUDCON1bits                     (abs)        000FB8
_BAUDCON2bits                     (abs)        000F70
_ConfigureOscillator              text22       00EAA4
_DigitalBreakout                  text19       00F204
_DisableTransceiverTX             text9        00EA78
_EnableTransceiverRX              text21       00EA6A
_EnableTransceiverTX              text8        00EA86
_EnableTransmitter                text4        00EAB6
_FifoDequeue                      text17       00ED7E
_FifoEnqueue                      text15       00EC80
_FifoInitialize                   text20       00EBCC
_GetChar9                         text13       00EF52
_INTCONbits                       (abs)        000FF2
_IPR1bits                         (abs)        000F9F
_IPR3bits                         (abs)        000FA5
_IsFifoEmpty                      text18       00EACE
_IsFifoFull                       text16       00EB46
_IsRxDataAvailable                text14       00EB6E
_IsTransmitterEnabled             text12       00EB02
_IsTransmitterReady               text10       00EAE8
_LATAbits                         (abs)        000F89
_LATBbits                         (abs)        000F8A
_LATCbits                         (abs)        000F8B
_OSCCON                           (abs)        000FD3
_OSCCON2bits                      (abs)        000FD2
_OSCCONbits                       (abs)        000FD3
_OSCTUNEbits                      (abs)        000F9B
_PIE1bits                         (abs)        000F9D
_PIE3bits                         (abs)        000FA3
_PIR1bits                         (abs)        000F9E
_PIR3bits                         (abs)        000FA4
_PutChar9                         text7        00EC0E
_PutChar9Default                  text6        00EA94
_RC1REG                           (abs)        000FAE
_RCREG1                           (abs)        000FAE
_RCREG2                           (abs)        000F74
_RCSTA1bits                       (abs)        000FAB
_RCSTA2bits                       (abs)        000F71
_SPBRG1                           (abs)        000FAF
_SPBRG2                           (abs)        000F75
_SPBRGH1                          (abs)        000FB0
_SPBRGH2                          (abs)        000F76
_TRISAbits                        (abs)        000F92
_TRISBbits                        (abs)        000F93
_TRISCbits                        (abs)        000F94
_TXREG1                           (abs)        000FAD
_TXREG2                           (abs)        000F73
_TXSTA1bits                       (abs)        000FAC
_TXSTA2bits                       (abs)        000F72
_TinyDelay                        text5        00EEA8
_UART_Initialize                  text2        00F014
__CFG_BOREN$SBORDIS               (abs)        000000
__CFG_BORV$190                    (abs)        000000
__CFG_CCP2MX$PORTC1               (abs)        000000
__CFG_CCP3MX$PORTB5               (abs)        000000
__CFG_CP0$OFF                     (abs)        000000
__CFG_CP1$OFF                     (abs)        000000
__CFG_CP2$OFF                     (abs)        000000
__CFG_CP3$OFF                     (abs)        000000
__CFG_CPB$OFF                     (abs)        000000
__CFG_CPD$OFF                     (abs)        000000
__CFG_EBTR0$OFF                   (abs)        000000
__CFG_EBTR1$OFF                   (abs)        000000
__CFG_EBTR2$OFF                   (abs)        000000
__CFG_EBTR3$OFF                   (abs)        000000
__CFG_EBTRB$OFF                   (abs)        000000
__CFG_FCMEN$OFF                   (abs)        000000
__CFG_FOSC$INTIO67                (abs)        000000
__CFG_HFOFST$ON                   (abs)        000000
__CFG_IESO$ON                     (abs)        000000
__CFG_LVP$ON                      (abs)        000000
__CFG_MCLRE$EXTMCLR               (abs)        000000
__CFG_P2BMX$PORTB5                (abs)        000000
__CFG_PBADEN$ON                   (abs)        000000
__CFG_PLLCFG$ON                   (abs)        000000
__CFG_PRICLKEN$ON                 (abs)        000000
__CFG_PWRTEN$OFF                  (abs)        000000
__CFG_STVREN$ON                   (abs)        000000
__CFG_T3CMX$PORTC0                (abs)        000000
__CFG_WDTEN$OFF                   (abs)        000000
__CFG_WDTPS$32768                 (abs)        000000
__CFG_WRT0$OFF                    (abs)        000000
__CFG_WRT1$OFF                    (abs)        000000
__CFG_WRT2$OFF                    (abs)        000000
__CFG_WRT3$OFF                    (abs)        000000
__CFG_WRTB$OFF                    (abs)        000000
__CFG_WRTC$OFF                    (abs)        000000
__CFG_WRTD$OFF                    (abs)        000000
__CFG_XINST$OFF                   (abs)        000000
__GetTxInterruptFlag              text11       00EB24
__GetTxInterruptFlag@uart_index   cstackCOMRAM 000001
__HRAM                            (abs)        000000
__Habs1                           abs1         000000
__Hbank0                          bank0        000000
__Hbank1                          bank1        000000
__Hbank10                         bank10       000000
__Hbank11                         bank11       000000
__Hbank12                         bank12       000000
__Hbank13                         bank13       000000
__Hbank14                         bank14       000000
__Hbank15                         bank15       000000
__Hbank2                          bank2        000000
__Hbank3                          bank3        000000
__Hbank4                          bank4        000000
__Hbank5                          bank5        000000
__Hbank6                          bank6        000000
__Hbank7                          bank7        000000
__Hbank8                          bank8        000000
__Hbank9                          bank9        000000
__Hbigbss                         bigbss       000000
__Hbigdata                        bigdata      000000
__Hbigram                         bigram       000000
__Hbss                            bss          000000
__HbssBANK0                       bssBANK0     000000
__HbssBIGRAM                      bssBIGRAM    000000
__HbssCOMRAM                      bssCOMRAM    000000
__Hcinit                          cinit        000000
__Hclrtext                        clrtext      000000
__Hcomram                         comram       000000
__Hconfig                         config       30000E
__Hconst                          const        000000
__HcstackCOMRAM                   cstackCOMRAM 000000
__Hdata                           data         000000
__Heeprom_data                    eeprom_data  000000
__Hfarbss                         farbss       000000
__Hfardata                        fardata      000000
__Hibigdata                       ibigdata     000000
__Hidata                          idata        000000
__Hidloc                          idloc        200008
__Hifardata                       ifardata     000000
__Hinit                           init         000006
__Hintcode                        intcode      000002
__Hintcode_body                   intcode_body 000000
__Hintcodelo                      intcodelo    000002
__Hintentry                       intentry     000000
__Hintret                         intret       000000
__Hintsave_regs                   intsave_regs 000000
__Hirdata                         irdata       000000
__Hmediumconst                    mediumconst  010000
__HnvFARRAM                       nvFARRAM     000000
__Hnvbit                          nvbit        000000
__Hnvrram                         nvrram       000000
__Hparam                          rparam       000000
__Hpowerup                        powerup      000002
__Hram                            ram          000000
__Hramtop                         ramtop       001000
__Hrbit                           rbit         000000
__Hrbss                           rbss         000000
__Hrdata                          rdata        000000
__Hreset_vec                      reset_vec    000002
__Hrparam                         rparam       000000
__Hsfr                            sfr          000000
__Hsmallconst                     smallconst   000000
__Hspace_0                        (abs)        30000E
__Hspace_1                        (abs)        0001F1
__Hspace_2                        (abs)        000000
__Hstack                          stack        000000
__Hstruct                         struct       000000
__Htemp                           temp         000000
__Htext                           text         000000
__Htext0                          text0        000000
__Htext1                          text1        000000
__Htext10                         text10       000000
__Htext11                         text11       000000
__Htext12                         text12       000000
__Htext13                         text13       000000
__Htext14                         text14       000000
__Htext15                         text15       000000
__Htext16                         text16       000000
__Htext17                         text17       000000
__Htext18                         text18       000000
__Htext19                         text19       000000
__Htext2                          text2        000000
__Htext20                         text20       000000
__Htext21                         text21       000000
__Htext22                         text22       000000
__Htext3                          text3        000000
__Htext4                          text4        000000
__Htext5                          text5        000000
__Htext6                          text6        000000
__Htext7                          text7        000000
__Htext8                          text8        000000
__Htext9                          text9        000000
__LRAM                            (abs)        000001
__Labs1                           abs1         000000
__Lbank0                          bank0        000000
__Lbank1                          bank1        000000
__Lbank10                         bank10       000000
__Lbank11                         bank11       000000
__Lbank12                         bank12       000000
__Lbank13                         bank13       000000
__Lbank14                         bank14       000000
__Lbank15                         bank15       000000
__Lbank2                          bank2        000000
__Lbank3                          bank3        000000
__Lbank4                          bank4        000000
__Lbank5                          bank5        000000
__Lbank6                          bank6        000000
__Lbank7                          bank7        000000
__Lbank8                          bank8        000000
__Lbank9                          bank9        000000
__Lbigbss                         bigbss       000000
__Lbigdata                        bigdata      000000
__Lbigram                         bigram       000000
__Lbss                            bss          000000
__LbssBANK0                       bssBANK0     000000
__LbssBIGRAM                      bssBIGRAM    000000
__LbssCOMRAM                      bssCOMRAM    000000
__Lcinit                          cinit        000000
__Lclrtext                        clrtext      000000
__Lcomram                         comram       000000
__Lconfig                         config       300000
__Lconst                          const        000000
__LcstackCOMRAM                   cstackCOMRAM 000000
__Ldata                           data         000000
__Leeprom_data                    eeprom_data  000000
__Lfarbss                         farbss       000000
__Lfardata                        fardata      000000
__Libigdata                       ibigdata     000000
__Lidata                          idata        000000
__Lidloc                          idloc        200000
__Lifardata                       ifardata     000000
__Linit                           init         000002
__Lintcode                        intcode      000002
__Lintcode_body                   intcode_body 000000
__Lintcodelo                      intcodelo    000002
__Lintentry                       intentry     000000
__Lintret                         intret       000000
__Lintsave_regs                   intsave_regs 000000
__Lirdata                         irdata       000000
__Lmediumconst                    mediumconst  00FDFE
__LnvFARRAM                       nvFARRAM     000000
__Lnvbit                          nvbit        000000
__Lnvrram                         nvrram       000000
__Lparam                          rparam       000000
__Lpowerup                        powerup      000002
__Lram                            ram          000000
__Lramtop                         ramtop       001000
__Lrbit                           rbit         000000
__Lrbss                           rbss         000000
__Lrdata                          rdata        000000
__Lreset_vec                      reset_vec    000000
__Lrparam                         rparam       000000
__Lsfr                            sfr          000000
__Lsmallconst                     smallconst   000000
__Lspace_0                        (abs)        000000
__Lspace_1                        (abs)        000000
__Lspace_2                        (abs)        000000
__Lstack                          stack        000000
__Lstruct                         struct       000000
__Ltemp                           temp         000000
__Ltext                           text         000000
__Ltext0                          text0        000000
__Ltext1                          text1        000000
__Ltext10                         text10       000000
__Ltext11                         text11       000000
__Ltext12                         text12       000000
__Ltext13                         text13       000000
__Ltext14                         text14       000000
__Ltext15                         text15       000000
__Ltext16                         text16       000000
__Ltext17                         text17       000000
__Ltext18                         text18       000000
__Ltext19                         text19       000000
__Ltext2                          text2        000000
__Ltext20                         text20       000000
__Ltext21                         text21       000000
__Ltext22                         text22       000000
__Ltext3                          text3        000000
__Ltext4                          text4        000000
__Ltext5                          text5        000000
__Ltext6                          text6        000000
__Ltext7                          text7        000000
__Ltext8                          text8        000000
__Ltext9                          text9        000000
__S0                              (abs)        30000E
__S1                              (abs)        0001F1
__S2                              (abs)        000000
___inthi_sp                       stack        000000
___intlo_sp                       stack        000000
___lldiv                          text3        00ECFC
___lldiv@counter                  cstackCOMRAM 00000D
___lldiv@dividend                 cstackCOMRAM 000001
___lldiv@divisor                  cstackCOMRAM 000005
___lldiv@quotient                 cstackCOMRAM 000009
___param_bank                     (abs)        000000
___rparam_used                    (abs)        000001
___sp                             stack        000000
__accesstop                       (abs)        000060
__activetblptr                    (abs)        000002
__end_of_ConfigureOscillator      text22       00EAB6
__end_of_DigitalBreakout          text19       00F528
__end_of_DisableTransceiverTX     text9        00EA86
__end_of_EnableTransceiverRX      text21       00EA78
__end_of_EnableTransceiverTX      text8        00EA94
__end_of_EnableTransmitter        text4        00EACE
__end_of_FifoDequeue              text17       00EE0C
__end_of_FifoEnqueue              text15       00ECFC
__end_of_FifoInitialize           text20       00EC0E
__end_of_GetChar9                 text13       00F014
__end_of_IsFifoEmpty              text18       00EAE8
__end_of_IsFifoFull               text16       00EB6E
__end_of_IsRxDataAvailable        text14       00EB96
__end_of_IsTransmitterEnabled     text12       00EB24
__end_of_IsTransmitterReady       text10       00EB02
__end_of_PutChar9                 text7        00EC80
__end_of_PutChar9Default          text6        00EAA4
__end_of_TinyDelay                text5        00EF52
__end_of_UART_Initialize          text2        00F204
__end_of__GetTxInterruptFlag      text11       00EB46
__end_of___lldiv                  text3        00ED7E
__end_of__initialization          cinit        00EBC2
__end_of_compute_crc              text1        00EEA8
__end_of_main                     text0        00FDFE
__end_of_table_crc                mediumconst  00FFFF
__initialization                  cinit        00EB96
__mediumconst                     mediumconst  00FDFE
__pbssBANK0                       bssBANK0     000060
__pbssBIGRAM                      bssBIGRAM    0000E1
__pbssCOMRAM                      bssCOMRAM    000039
__pcinit                          cinit        00EB96
__pcstackCOMRAM                   cstackCOMRAM 000001
__pmediumconst                    mediumconst  00FDFE
__ptext0                          text0        00F528
__ptext1                          text1        00EE0C
__ptext10                         text10       00EAE8
__ptext11                         text11       00EB24
__ptext12                         text12       00EB02
__ptext13                         text13       00EF52
__ptext14                         text14       00EB6E
__ptext15                         text15       00EC80
__ptext16                         text16       00EB46
__ptext17                         text17       00ED7E
__ptext18                         text18       00EACE
__ptext19                         text19       00F204
__ptext2                          text2        00F014
__ptext20                         text20       00EBCC
__ptext21                         text21       00EA6A
__ptext22                         text22       00EAA4
__ptext3                          text3        00ECFC
__ptext4                          text4        00EAB6
__ptext5                          text5        00EEA8
__ptext6                          text6        00EA94
__ptext7                          text7        00EC0E
__ptext8                          text8        00EA86
__ptext9                          text9        00EA78
__ramtop                          ramtop       001000
__size_of_ConfigureOscillator     (abs)        000000
__size_of_DigitalBreakout         (abs)        000000
__size_of_DisableTransceiverTX    (abs)        000000
__size_of_EnableTransceiverRX     (abs)        000000
__size_of_EnableTransceiverTX     (abs)        000000
__size_of_EnableTransmitter       (abs)        000000
__size_of_FifoDequeue             (abs)        000000
__size_of_FifoEnqueue             (abs)        000000
__size_of_FifoInitialize          (abs)        000000
__size_of_GetChar9                (abs)        000000
__size_of_IsFifoEmpty             (abs)        000000
__size_of_IsFifoFull              (abs)        000000
__size_of_IsRxDataAvailable       (abs)        000000
__size_of_IsTransmitterEnabled    (abs)        000000
__size_of_IsTransmitterReady      (abs)        000000
__size_of_PutChar9                (abs)        000000
__size_of_PutChar9Default         (abs)        000000
__size_of_TinyDelay               (abs)        000000
__size_of_UART_Initialize         (abs)        000000
__size_of__GetTxInterruptFlag     (abs)        000000
__size_of___lldiv                 (abs)        000000
__size_of_compute_crc             (abs)        000000
__size_of_main                    (abs)        000000
__smallconst                      smallconst   000000
_addressDatagramCount             bssCOMRAM    000045
_buffers                          bssBIGRAM    0000E1
_compute_crc                      text1        00EE0C
_digitalOutHyst                   bssCOMRAM    000039
_galaxyCommands                   bssBANK0     000060
_led_green_delay                  bssCOMRAM    000043
_led_red_delay                    bssCOMRAM    000041
_main                             text0        00F528
_table_crc                        mediumconst  00FDFF
compute_crc@crc                   cstackCOMRAM 00000F
compute_crc@i                     cstackCOMRAM 00000D
compute_crc@len_body              cstackCOMRAM 000003
compute_crc@ptr_msg_body          cstackCOMRAM 000001
end_of_initialization             cinit        00EBC2
intlevel0                         text         000000
intlevel1                         text         000000
intlevel2                         text         000000
intlevel3                         text         000000
main@c                            cstackCOMRAM 000038
main@commandNumber                cstackCOMRAM 000037
main@i                            cstackCOMRAM 00002A
main@j                            cstackCOMRAM 00002C
main@k                            cstackCOMRAM 000033
main@l                            cstackCOMRAM 00002F
main@m                            cstackCOMRAM 000026
main@slot                         cstackCOMRAM 000035
main@tf                           cstackCOMRAM 00002E
main@x                            cstackCOMRAM 000034
main@x_378                        cstackCOMRAM 000036
stackhi                           (abs)        000F37
stacklo                           (abs)        0001F1
start                             init         000002
start_initialization              cinit        00EB96


FUNCTION INFORMATION:

 *************** function _main *****************
 Defined at:
		line 86 in file "main.c"
 Parameters:    Size  Location     Type
		None
 Auto vars:     Size  Location     Type
  k               1   50[COMRAM] unsigned char 
  x               1   53[COMRAM] unsigned char 
  slot            1   52[COMRAM] unsigned char 
  x               1   51[COMRAM] unsigned char 
  l               4   46[COMRAM] unsigned long 
  m               4   37[COMRAM] unsigned long 
  j               2   43[COMRAM] unsigned int 
  i               2   41[COMRAM] unsigned int 
  crc             2    0        unsigned short 
  data            2    0        unsigned int 
  c               1   55[COMRAM] unsigned char 
  commandNumbe    1   54[COMRAM] unsigned char 
  tf              1   45[COMRAM] unsigned char 
 Return value:  Size  Location     Type
                  1    wreg      void 
 Registers used:
		wreg, fsr1l, fsr1h, fsr2l, fsr2h, status,2, status,0, tblptrl, tblptrh, tblptru, prodl, prodh, cstack
 Tracked objects:
		On entry : 
		On exit  : 
		Unchanged: 
 Data sizes:     COMRAM   BANK0   BANK1   BANK2   BANK3   BANK4   BANK5   BANK6   BANK7   BANK8   BANK9  BANK10  BANK11  BANK12  BANK13  BANK14  BANK15
      Params:         0       0       0       0       0       0       0       0       0       0       0       0       0       0       0       0       0
      Locals:        19       0       0       0       0       0       0       0       0       0       0       0       0       0       0       0       0
      Temps:          5       0       0       0       0       0       0       0       0       0       0       0       0       0       0       0       0
      Totals:        24       0       0       0       0       0       0       0       0       0       0       0       0       0       0       0       0
Total ram usage:       24 bytes
 Hardware stack levels required when called:    4
 This function calls:
		_ConfigureOscillator
		_EnableTransceiverRX
		_FifoEnqueue
		_FifoInitialize
		_IsFifoEmpty
		_TinyDelay
		_UART_Initialize
		_compute_crc
 This function is called by:
		Startup code after reset
 This function uses a non-reentrant model


 *************** function _compute_crc *****************
 Defined at:
		line 5 in file "galaxy.c"
 Parameters:    Size  Location     Type
  ptr_msg_body    2    0[COMRAM] PTR unsigned int 
		 -> galaxyCommands.buffer(40), galaxyCommands(129), 
  len_body        2    2[COMRAM] int 
 Auto vars:     Size  Location     Type
  crc             2   14[COMRAM] unsigned short 
  i               2   12[COMRAM] int 
 Return value:  Size  Location     Type
                  2    0[COMRAM] unsigned short 
 Registers used:
		wreg, fsr2l, fsr2h, status,2, status,0, tblptrl, tblptrh, tblptru
 Tracked objects:
		On entry : 
		On exit  : 
		Unchanged: 
 Data sizes:     COMRAM   BANK0   BANK1   BANK2   BANK3   BANK4   BANK5   BANK6   BANK7   BANK8   BANK9  BANK10  BANK11  BANK12  BANK13  BANK14  BANK15
      Params:         4       0       0       0       0       0       0       0       0       0       0       0       0       0       0       0       0
      Locals:         4       0       0       0       0       0       0       0       0       0       0       0       0       0       0       0       0
      Temps:          8       0       0       0       0       0       0       0       0       0       0       0       0       0       0       0       0
      Totals:        16       0       0       0       0       0       0       0       0       0       0       0       0       0       0       0       0
Total ram usage:       16 bytes
 Hardware stack levels used:    1
 This function calls:
		Nothing
 This function is called by:
		_main
 This function uses a non-reentrant model


 *************** function _UART_Initialize *****************
 Defined at:
		line 14 in file "uart.c"
 Parameters:    Size  Location     Type
  uart_index      1    wreg     unsigned char 
  baud            4   13[COMRAM] unsigned long 
  mode_9bit       1   17[COMRAM] unsigned char 
  interrupt_co    1   18[COMRAM] unsigned char 
 Auto vars:     Size  Location     Type
  uart_index      1   31[COMRAM] unsigned char 
  temp            4   27[COMRAM] unsigned long 
  clock_freq      4   23[COMRAM] unsigned long 
 Return value:  Size  Location     Type
                  1    wreg      void 
 Registers used:
		wreg, status,2, status,0, cstack
 Tracked objects:
		On entry : 
		On exit  : 
		Unchanged: 
 Data sizes:     COMRAM   BANK0   BANK1   BANK2   BANK3   BANK4   BANK5   BANK6   BANK7   BANK8   BANK9  BANK10  BANK11  BANK12  BANK13  BANK14  BANK15
      Params:         6       0       0       0       0       0       0       0       0       0       0       0       0       0       0       0       0
      Locals:         9       0       0       0       0       0       0       0       0       0       0       0       0       0       0       0       0
      Temps:          4       0       0       0       0       0       0       0       0       0       0       0       0       0       0       0       0
      Totals:        19       0       0       0       0       0       0       0       0       0       0       0       0       0       0       0       0
Total ram usage:       19 bytes
 Hardware stack levels used:    1
 Hardware stack levels required when called:    1
 This function calls:
		_EnableTransmitter
		___lldiv
 This function is called by:
		_main
 This function uses a non-reentrant model


 *************** function ___lldiv *****************
 Defined at:
		line 8 in file "C:\Program Files (x86)\Microchip\xc8\v1.45\sources\common\lldiv.c"
 Parameters:    Size  Location     Type
  dividend        4    0[COMRAM] unsigned long 
  divisor         4    4[COMRAM] unsigned long 
 Auto vars:     Size  Location     Type
  quotient        4    8[COMRAM] unsigned long 
  counter         1   12[COMRAM] unsigned char 
 Return value:  Size  Location     Type
                  4    0[COMRAM] unsigned long 
 Registers used:
		wreg, status,2, status,0
 Tracked objects:
		On entry : 
		On exit  : 
		Unchanged: 
 Data sizes:     COMRAM   BANK0   BANK1   BANK2   BANK3   BANK4   BANK5   BANK6   BANK7   BANK8   BANK9  BANK10  BANK11  BANK12  BANK13  BANK14  BANK15
      Params:         8       0       0       0       0       0       0       0       0       0       0       0       0       0       0       0       0
      Locals:         5       0       0       0       0       0       0       0       0       0       0       0       0       0       0       0       0
      Temps:          0       0       0       0       0       0       0       0       0       0       0       0       0       0       0       0       0
      Totals:        13       0       0       0       0       0       0       0       0       0       0       0       0       0       0       0       0
Total ram usage:       13 bytes
 Hardware stack levels used:    1
 This function calls:
		Nothing
 This function is called by:
		_UART_Initialize
 This function uses a non-reentrant model


 *************** function _EnableTransmitter *****************
 Defined at:
		line 185 in file "uart.c"
 Parameters:    Size  Location     Type
  uart_index      1    wreg     unsigned char 
 Auto vars:     Size  Location     Type
  uart_index      1    0[COMRAM] unsigned char 
 Return value:  Size  Location     Type
                  1    wreg      void 
 Registers used:
		wreg, status,2, status,0
 Tracked objects:
		On entry : 
		On exit  : 
		Unchanged: 
 Data sizes:     COMRAM   BANK0   BANK1   BANK2   BANK3   BANK4   BANK5   BANK6   BANK7   BANK8   BANK9  BANK10  BANK11  BANK12  BANK13  BANK14  BANK15
      Params:         0       0       0       0       0       0       0       0       0       0       0       0       0       0       0       0       0
      Locals:         1       0       0       0       0       0       0       0       0       0       0       0       0       0       0       0       0
      Temps:          0       0       0       0       0       0       0       0       0       0       0       0       0       0       0       0       0
      Totals:         1       0       0       0       0       0       0       0       0       0       0       0       0       0       0       0       0
Total ram usage:        1 bytes
 Hardware stack levels used:    1
 This function calls:
		Nothing
 This function is called by:
		_UART_Initialize
 This function uses a non-reentrant model


 *************** function _TinyDelay *****************
 Defined at:
		line 209 in file "main.c"
 Parameters:    Size  Location     Type
		None
 Auto vars:     Size  Location     Type
  data            2   16[COMRAM] unsigned int 
 Return value:  Size  Location     Type
                  1    wreg      void 
 Registers used:
		wreg, fsr1l, fsr1h, fsr2l, fsr2h, status,2, status,0, prodl, prodh, cstack
 Tracked objects:
		On entry : 
		On exit  : 
		Unchanged: 
 Data sizes:     COMRAM   BANK0   BANK1   BANK2   BANK3   BANK4   BANK5   BANK6   BANK7   BANK8   BANK9  BANK10  BANK11  BANK12  BANK13  BANK14  BANK15
      Params:         0       0       0       0       0       0       0       0       0       0       0       0       0       0       0       0       0
      Locals:         2       0       0       0       0       0       0       0       0       0       0       0       0       0       0       0       0
      Temps:          0       0       0       0       0       0       0       0       0       0       0       0       0       0       0       0       0
      Totals:         2       0       0       0       0       0       0       0       0       0       0       0       0       0       0       0       0
Total ram usage:        2 bytes
 Hardware stack levels used:    1
 Hardware stack levels required when called:    3
 This function calls:
		_DigitalBreakout
		_FifoDequeue
		_FifoEnqueue
		_GetChar9
		_IsFifoEmpty
		_IsFifoFull
		_IsRxDataAvailable
		_IsTransmitterReady
		_PutChar9Default
 This function is called by:
		_main
 This function uses a non-reentrant model


 *************** function _PutChar9Default *****************
 Defined at:
		line 259 in file "uart.c"
 Parameters:    Size  Location     Type
  data            2    7[COMRAM] unsigned int 
 Auto vars:     Size  Location     Type
		None
 Return value:  Size  Location     Type
                  1    wreg      void 
 Registers used:
		wreg, status,2, status,0, cstack
 Tracked objects:
		On entry : 
		On exit  : 
		Unchanged: 
 Data sizes:     COMRAM   BANK0   BANK1   BANK2   BANK3   BANK4   BANK5   BANK6   BANK7   BANK8   BANK9  BANK10  BANK11  BANK12  BANK13  BANK14  BANK15
      Params:         2       0       0       0       0       0       0       0       0       0       0       0       0       0       0       0       0
      Locals:         0       0       0       0       0       0       0       0       0       0       0       0       0       0       0       0       0
      Temps:          0       0       0       0       0       0       0       0       0       0       0       0       0       0       0       0       0
      Totals:         2       0       0       0       0       0       0       0       0       0       0       0       0       0       0       0       0
Total ram usage:        2 bytes
 Hardware stack levels used:    1
 Hardware stack levels required when called:    2
 This function calls:
		_PutChar9
 This function is called by:
		_TinyDelay
 This function uses a non-reentrant model


 *************** function _PutChar9 *****************
 Defined at:
		line 222 in file "uart.c"
 Parameters:    Size  Location     Type
  uart_index      1    wreg     unsigned char 
  data            2    1[COMRAM] unsigned int 
 Auto vars:     Size  Location     Type
  uart_index      1    3[COMRAM] unsigned char 
 Return value:  Size  Location     Type
                  1    wreg      void 
 Registers used:
		wreg, status,2, status,0, cstack
 Tracked objects:
		On entry : 
		On exit  : 
		Unchanged: 
 Data sizes:     COMRAM   BANK0   BANK1   BANK2   BANK3   BANK4   BANK5   BANK6   BANK7   BANK8   BANK9  BANK10  BANK11  BANK12  BANK13  BANK14  BANK15
      Params:         2       0       0       0       0       0       0       0       0       0       0       0       0       0       0       0       0
      Locals:         1       0       0       0       0       0       0       0       0       0       0       0       0       0       0       0       0
      Temps:          0       0       0       0       0       0       0       0       0       0       0       0       0       0       0       0       0
      Totals:         3       0       0       0       0       0       0       0       0       0       0       0       0       0       0       0       0
Total ram usage:        3 bytes
 Hardware stack levels used:    1
 Hardware stack levels required when called:    1
 This function calls:
		_DisableTransceiverTX
		_EnableTransceiverTX
		__GetTxInterruptFlag
 This function is called by:
		_PutChar9Default
 This function uses a non-reentrant model


 *************** function _EnableTransceiverTX *****************
 Defined at:
		line 263 in file "uart.c"
 Parameters:    Size  Location     Type
  uart_index      1    wreg     unsigned char 
 Auto vars:     Size  Location     Type
  uart_index      1    0[COMRAM] unsigned char 
 Return value:  Size  Location     Type
                  1    wreg      void 
 Registers used:
		wreg, status,2, status,0
 Tracked objects:
		On entry : 
		On exit  : 
		Unchanged: 
 Data sizes:     COMRAM   BANK0   BANK1   BANK2   BANK3   BANK4   BANK5   BANK6   BANK7   BANK8   BANK9  BANK10  BANK11  BANK12  BANK13  BANK14  BANK15
      Params:         0       0       0       0       0       0       0       0       0       0       0       0       0       0       0       0       0
      Locals:         1       0       0       0       0       0       0       0       0       0       0       0       0       0       0       0       0
      Temps:          0       0       0       0       0       0       0       0       0       0       0       0       0       0       0       0       0
      Totals:         1       0       0       0       0       0       0       0       0       0       0       0       0       0       0       0       0
Total ram usage:        1 bytes
 Hardware stack levels used:    1
 This function calls:
		Nothing
 This function is called by:
		_PutChar9
 This function uses a non-reentrant model


 *************** function _DisableTransceiverTX *****************
 Defined at:
		line 273 in file "uart.c"
 Parameters:    Size  Location     Type
  uart_index      1    wreg     unsigned char 
 Auto vars:     Size  Location     Type
  uart_index      1    0[COMRAM] unsigned char 
 Return value:  Size  Location     Type
                  1    wreg      void 
 Registers used:
		wreg, status,2, status,0
 Tracked objects:
		On entry : 
		On exit  : 
		Unchanged: 
 Data sizes:     COMRAM   BANK0   BANK1   BANK2   BANK3   BANK4   BANK5   BANK6   BANK7   BANK8   BANK9  BANK10  BANK11  BANK12  BANK13  BANK14  BANK15
      Params:         0       0       0       0       0       0       0       0       0       0       0       0       0       0       0       0       0
      Locals:         1       0       0       0       0       0       0       0       0       0       0       0       0       0       0       0       0
      Temps:          0       0       0       0       0       0       0       0       0       0       0       0       0       0       0       0       0
      Totals:         1       0       0       0       0       0       0       0       0       0       0       0       0       0       0       0       0
Total ram usage:        1 bytes
 Hardware stack levels used:    1
 This function calls:
		Nothing
 This function is called by:
		_PutChar9
 This function uses a non-reentrant model


 *************** function _IsTransmitterReady *****************
 Defined at:
		line 215 in file "uart.c"
 Parameters:    Size  Location     Type
  uart_index      1    wreg     unsigned char 
 Auto vars:     Size  Location     Type
  uart_index      1    1[COMRAM] unsigned char 
 Return value:  Size  Location     Type
                  1    wreg      unsigned char 
 Registers used:
		wreg, status,2, status,0, cstack
 Tracked objects:
		On entry : 
		On exit  : 
		Unchanged: 
 Data sizes:     COMRAM   BANK0   BANK1   BANK2   BANK3   BANK4   BANK5   BANK6   BANK7   BANK8   BANK9  BANK10  BANK11  BANK12  BANK13  BANK14  BANK15
      Params:         0       0       0       0       0       0       0       0       0       0       0       0       0       0       0       0       0
      Locals:         1       0       0       0       0       0       0       0       0       0       0       0       0       0       0       0       0
      Temps:          0       0       0       0       0       0       0       0       0       0       0       0       0       0       0       0       0
      Totals:         1       0       0       0       0       0       0       0       0       0       0       0       0       0       0       0       0
Total ram usage:        1 bytes
 Hardware stack levels used:    1
 Hardware stack levels required when called:    1
 This function calls:
		_IsTransmitterEnabled
		__GetTxInterruptFlag
 This function is called by:
		_TinyDelay
 This function uses a non-reentrant model


 *************** function __GetTxInterruptFlag *****************
 Defined at:
		line 303 in file "uart.c"
 Parameters:    Size  Location     Type
  uart_index      1    wreg     unsigned char 
 Auto vars:     Size  Location     Type
  uart_index      1    0[COMRAM] unsigned char 
 Return value:  Size  Location     Type
                  1    wreg      unsigned char 
 Registers used:
		wreg, status,2, status,0
 Tracked objects:
		On entry : 
		On exit  : 
		Unchanged: 
 Data sizes:     COMRAM   BANK0   BANK1   BANK2   BANK3   BANK4   BANK5   BANK6   BANK7   BANK8   BANK9  BANK10  BANK11  BANK12  BANK13  BANK14  BANK15
      Params:         0       0       0       0       0       0       0       0       0       0       0       0       0       0       0       0       0
      Locals:         1       0       0       0       0       0       0       0       0       0       0       0       0       0       0       0       0
      Temps:          0       0       0       0       0       0       0       0       0       0       0       0       0       0       0       0       0
      Totals:         1       0       0       0       0       0       0       0       0       0       0       0       0       0       0       0       0
Total ram usage:        1 bytes
 Hardware stack levels used:    1
 This function calls:
		Nothing
 This function is called by:
		_IsTransmitterReady
		_PutChar9
 This function uses a non-reentrant model


 *************** function _IsTransmitterEnabled *****************
 Defined at:
		line 201 in file "uart.c"
 Parameters:    Size  Location     Type
  uart_index      1    wreg     unsigned char 
 Auto vars:     Size  Location     Type
  uart_index      1    0[COMRAM] unsigned char 
 Return value:  Size  Location     Type
                  1    wreg      unsigned char 
 Registers used:
		wreg, status,2, status,0
 Tracked objects:
		On entry : 
		On exit  : 
		Unchanged: 
 Data sizes:     COMRAM   BANK0   BANK1   BANK2   BANK3   BANK4   BANK5   BANK6   BANK7   BANK8   BANK9  BANK10  BANK11  BANK12  BANK13  BANK14  BANK15
      Params:         0       0       0       0       0       0       0       0       0       0       0       0       0       0       0       0       0
      Locals:         1       0       0       0       0       0       0       0       0       0       0       0       0       0       0       0       0
      Temps:          0       0       0       0       0       0       0       0       0       0       0       0       0       0       0       0       0
      Totals:         1       0       0       0       0       0       0       0       0       0       0       0       0       0       0       0       0
Total ram usage:        1 bytes
 Hardware stack levels used:    1
 This function calls:
		Nothing
 This function is called by:
		_IsTransmitterReady
 This function uses a non-reentrant model


 *************** function _GetChar9 *****************
 Defined at:
		line 336 in file "uart.c"
 Parameters:    Size  Location     Type
  uart_index      1    wreg     unsigned char 
 Auto vars:     Size  Location     Type
  uart_index      1    3[COMRAM] unsigned char 
  data            2    4[COMRAM] unsigned int 
 Return value:  Size  Location     Type
                  2    1[COMRAM] unsigned int 
 Registers used:
		wreg, status,2, status,0, cstack
 Tracked objects:
		On entry : 
		On exit  : 
		Unchanged: 
 Data sizes:     COMRAM   BANK0   BANK1   BANK2   BANK3   BANK4   BANK5   BANK6   BANK7   BANK8   BANK9  BANK10  BANK11  BANK12  BANK13  BANK14  BANK15
      Params:         2       0       0       0       0       0       0       0       0       0       0       0       0       0       0       0       0
      Locals:         3       0       0       0       0       0       0       0       0       0       0       0       0       0       0       0       0
      Temps:          0       0       0       0       0       0       0       0       0       0       0       0       0       0       0       0       0
      Totals:         5       0       0       0       0       0       0       0       0       0       0       0       0       0       0       0       0
Total ram usage:        5 bytes
 Hardware stack levels used:    1
 Hardware stack levels required when called:    1
 This function calls:
		_IsRxDataAvailable
 This function is called by:
		_TinyDelay
		_GetChar9Default
 This function uses a non-reentrant model


 *************** function _IsRxDataAvailable *****************
 Defined at:
		line 325 in file "uart.c"
 Parameters:    Size  Location     Type
  uart_index      1    wreg     unsigned char 
 Auto vars:     Size  Location     Type
  uart_index      1    0[COMRAM] unsigned char 
 Return value:  Size  Location     Type
                  1    wreg      unsigned char 
 Registers used:
		wreg, status,2, status,0
 Tracked objects:
		On entry : 
		On exit  : 
		Unchanged: 
 Data sizes:     COMRAM   BANK0   BANK1   BANK2   BANK3   BANK4   BANK5   BANK6   BANK7   BANK8   BANK9  BANK10  BANK11  BANK12  BANK13  BANK14  BANK15
      Params:         0       0       0       0       0       0       0       0       0       0       0       0       0       0       0       0       0
      Locals:         1       0       0       0       0       0       0       0       0       0       0       0       0       0       0       0       0
      Temps:          0       0       0       0       0       0       0       0       0       0       0       0       0       0       0       0       0
      Totals:         1       0       0       0       0       0       0       0       0       0       0       0       0       0       0       0       0
Total ram usage:        1 bytes
 Hardware stack levels used:    1
 This function calls:
		Nothing
 This function is called by:
		_TinyDelay
		_GetChar9
 This function uses a non-reentrant model


 *************** function _FifoEnqueue *****************
 Defined at:
		line 25 in file "fifo.c"
 Parameters:    Size  Location     Type
  buffer          2    4[COMRAM] PTR struct .
		 -> buffers(272), 
  data            2    6[COMRAM] unsigned int 
 Auto vars:     Size  Location     Type
		None
 Return value:  Size  Location     Type
                  1    wreg      unsigned char 
 Registers used:
		wreg, fsr1l, fsr1h, fsr2l, fsr2h, status,2, status,0, prodl, prodh, cstack
 Tracked objects:
		On entry : 
		On exit  : 
		Unchanged: 
 Data sizes:     COMRAM   BANK0   BANK1   BANK2   BANK3   BANK4   BANK5   BANK6   BANK7   BANK8   BANK9  BANK10  BANK11  BANK12  BANK13  BANK14  BANK15
      Params:         4       0       0       0       0       0       0       0       0       0       0       0       0       0       0       0       0
      Locals:         0       0       0       0       0       0       0       0       0       0       0       0       0       0       0       0       0
      Temps:          1       0       0       0       0       0       0       0       0       0       0       0       0       0       0       0       0
      Totals:         5       0       0       0       0       0       0       0       0       0       0       0       0       0       0       0       0
Total ram usage:        5 bytes
 Hardware stack levels used:    1
 Hardware stack levels required when called:    1
 This function calls:
		_IsFifoFull
 This function is called by:
		_main
		_TinyDelay
 This function uses a non-reentrant model


 *************** function _IsFifoFull *****************
 Defined at:
		line 11 in file "fifo.c"
 Parameters:    Size  Location     Type
  buffer          2    0[COMRAM] PTR struct .
		 -> buffers(272), 
 Auto vars:     Size  Location     Type
		None
 Return value:  Size  Location     Type
                  1    wreg      unsigned char 
 Registers used:
		wreg, fsr1l, fsr1h, fsr2l, fsr2h, status,2, status,0
 Tracked objects:
		On entry : 
		On exit  : 
		Unchanged: 
 Data sizes:     COMRAM   BANK0   BANK1   BANK2   BANK3   BANK4   BANK5   BANK6   BANK7   BANK8   BANK9  BANK10  BANK11  BANK12  BANK13  BANK14  BANK15
      Params:         2       0       0       0       0       0       0       0       0       0       0       0       0       0       0       0       0
      Locals:         0       0       0       0       0       0       0       0       0       0       0       0       0       0       0       0       0
      Temps:          2       0       0       0       0       0       0       0       0       0       0       0       0       0       0       0       0
      Totals:         4       0       0       0       0       0       0       0       0       0       0       0       0       0       0       0       0
Total ram usage:        4 bytes
 Hardware stack levels used:    1
 This function calls:
		Nothing
 This function is called by:
		_TinyDelay
		_FifoEnqueue
 This function uses a non-reentrant model


 *************** function _FifoDequeue *****************
 Defined at:
		line 37 in file "fifo.c"
 Parameters:    Size  Location     Type
  buffer          2    2[COMRAM] PTR struct .
		 -> buffers(272), 
 Auto vars:     Size  Location     Type
  data            2    5[COMRAM] unsigned int 
 Return value:  Size  Location     Type
                  2    2[COMRAM] unsigned int 
 Registers used:
		wreg, fsr2l, fsr2h, status,2, status,0, prodl, prodh, cstack
 Tracked objects:
		On entry : 
		On exit  : 
		Unchanged: 
 Data sizes:     COMRAM   BANK0   BANK1   BANK2   BANK3   BANK4   BANK5   BANK6   BANK7   BANK8   BANK9  BANK10  BANK11  BANK12  BANK13  BANK14  BANK15
      Params:         2       0       0       0       0       0       0       0       0       0       0       0       0       0       0       0       0
      Locals:         2       0       0       0       0       0       0       0       0       0       0       0       0       0       0       0       0
      Temps:          1       0       0       0       0       0       0       0       0       0       0       0       0       0       0       0       0
      Totals:         5       0       0       0       0       0       0       0       0       0       0       0       0       0       0       0       0
Total ram usage:        5 bytes
 Hardware stack levels used:    1
 Hardware stack levels required when called:    1
 This function calls:
		_IsFifoEmpty
 This function is called by:
		_TinyDelay
 This function uses a non-reentrant model


 *************** function _IsFifoEmpty *****************
 Defined at:
		line 18 in file "fifo.c"
 Parameters:    Size  Location     Type
  buffer          2    0[COMRAM] PTR struct .
		 -> buffers(272), 
 Auto vars:     Size  Location     Type
		None
 Return value:  Size  Location     Type
                  1    wreg      unsigned char 
 Registers used:
		wreg, fsr2l, fsr2h, status,2, status,0
 Tracked objects:
		On entry : 
		On exit  : 
		Unchanged: 
 Data sizes:     COMRAM   BANK0   BANK1   BANK2   BANK3   BANK4   BANK5   BANK6   BANK7   BANK8   BANK9  BANK10  BANK11  BANK12  BANK13  BANK14  BANK15
      Params:         2       0       0       0       0       0       0       0       0       0       0       0       0       0       0       0       0
      Locals:         0       0       0       0       0       0       0       0       0       0       0       0       0       0       0       0       0
      Temps:          0       0       0       0       0       0       0       0       0       0       0       0       0       0       0       0       0
      Totals:         2       0       0       0       0       0       0       0       0       0       0       0       0       0       0       0       0
Total ram usage:        2 bytes
 Hardware stack levels used:    1
 This function calls:
		Nothing
 This function is called by:
		_main
		_TinyDelay
		_FifoDequeue
 This function uses a non-reentrant model


 *************** function _DigitalBreakout *****************
 Defined at:
		line 229 in file "main.c"
 Parameters:    Size  Location     Type
  newData         2    7[COMRAM] unsigned int 
 Auto vars:     Size  Location     Type
  x               1   11[COMRAM] unsigned char 
  mask            2   14[COMRAM] unsigned int 
  output          2   12[COMRAM] unsigned int 
 Return value:  Size  Location     Type
                  1    wreg      void 
 Registers used:
		wreg, fsr1l, fsr1h, fsr2l, fsr2h, status,2, status,0, prodl, prodh
 Tracked objects:
		On entry : 
		On exit  : 
		Unchanged: 
 Data sizes:     COMRAM   BANK0   BANK1   BANK2   BANK3   BANK4   BANK5   BANK6   BANK7   BANK8   BANK9  BANK10  BANK11  BANK12  BANK13  BANK14  BANK15
      Params:         2       0       0       0       0       0       0       0       0       0       0       0       0       0       0       0       0
      Locals:         5       0       0       0       0       0       0       0       0       0       0       0       0       0       0       0       0
      Temps:          2       0       0       0       0       0       0       0       0       0       0       0       0       0       0       0       0
      Totals:         9       0       0       0       0       0       0       0       0       0       0       0       0       0       0       0       0
Total ram usage:        9 bytes
 Hardware stack levels used:    1
 This function calls:
		Nothing
 This function is called by:
		_TinyDelay
 This function uses a non-reentrant model


 *************** function _FifoInitialize *****************
 Defined at:
		line 4 in file "fifo.c"
 Parameters:    Size  Location     Type
  buffer          2    0[COMRAM] PTR struct .
		 -> buffers(272), 
 Auto vars:     Size  Location     Type
		None
 Return value:  Size  Location     Type
                  1    wreg      void 
 Registers used:
		wreg, fsr2l, fsr2h, status,2, status,0
 Tracked objects:
		On entry : 
		On exit  : 
		Unchanged: 
 Data sizes:     COMRAM   BANK0   BANK1   BANK2   BANK3   BANK4   BANK5   BANK6   BANK7   BANK8   BANK9  BANK10  BANK11  BANK12  BANK13  BANK14  BANK15
      Params:         2       0       0       0       0       0       0       0       0       0       0       0       0       0       0       0       0
      Locals:         0       0       0       0       0       0       0       0       0       0       0       0       0       0       0       0       0
      Temps:          0       0       0       0       0       0       0       0       0       0       0       0       0       0       0       0       0
      Totals:         2       0       0       0       0       0       0       0       0       0       0       0       0       0       0       0       0
Total ram usage:        2 bytes
 Hardware stack levels used:    1
 This function calls:
		Nothing
 This function is called by:
		_main
 This function uses a non-reentrant model


 *************** function _EnableTransceiverRX *****************
 Defined at:
		line 283 in file "uart.c"
 Parameters:    Size  Location     Type
  uart_index      1    wreg     unsigned char 
 Auto vars:     Size  Location     Type
  uart_index      1    0[COMRAM] unsigned char 
 Return value:  Size  Location     Type
                  1    wreg      void 
 Registers used:
		wreg, status,2, status,0
 Tracked objects:
		On entry : 
		On exit  : 
		Unchanged: 
 Data sizes:     COMRAM   BANK0   BANK1   BANK2   BANK3   BANK4   BANK5   BANK6   BANK7   BANK8   BANK9  BANK10  BANK11  BANK12  BANK13  BANK14  BANK15
      Params:         0       0       0       0       0       0       0       0       0       0       0       0       0       0       0       0       0
      Locals:         1       0       0       0       0       0       0       0       0       0       0       0       0       0       0       0       0
      Temps:          0       0       0       0       0       0       0       0       0       0       0       0       0       0       0       0       0
      Totals:         1       0       0       0       0       0       0       0       0       0       0       0       0       0       0       0       0
Total ram usage:        1 bytes
 Hardware stack levels used:    1
 This function calls:
		Nothing
 This function is called by:
		_main
 This function uses a non-reentrant model


 *************** function _ConfigureOscillator *****************
 Defined at:
		line 5 in file "osc.c"
 Parameters:    Size  Location     Type
		None
 Auto vars:     Size  Location     Type
		None
 Return value:  Size  Location     Type
                  1    wreg      void 
 Registers used:
		wreg, status,2, status,0
 Tracked objects:
		On entry : 
		On exit  : 
		Unchanged: 
 Data sizes:     COMRAM   BANK0   BANK1   BANK2   BANK3   BANK4   BANK5   BANK6   BANK7   BANK8   BANK9  BANK10  BANK11  BANK12  BANK13  BANK14  BANK15
      Params:         0       0       0       0       0       0       0       0       0       0       0       0       0       0       0       0       0
      Locals:         0       0       0       0       0       0       0       0       0       0       0       0       0       0       0       0       0
      Temps:          0       0       0       0       0       0       0       0       0       0       0       0       0       0       0       0       0
      Totals:         0       0       0       0       0       0       0       0       0       0       0       0       0       0       0       0       0
Total ram usage:        0 bytes
 Hardware stack levels used:    1
 This function calls:
		Nothing
 This function is called by:
		_main
 This function uses a non-reentrant model



MODULE INFORMATION

Module		Function		Class		Link	Load	Size
uart.c
		_IsTransmitterReady		CODE           	EAE8	0000	27
		_IsRxDataAvailable		CODE           	EB6E	0000	41
		_EnableTransmitter		CODE           	EAB6	0000	25
		_GetChar9      		CODE           	EF52	0000	195
		_PutChar9Default		CODE           	EA94	0000	17
		__GetTxInterruptFlag		CODE           	EB24	0000	35
		_DisableTransceiverTX		CODE           	EA78	0000	15
		_IsTransmitterEnabled		CODE           	EB02	0000	35
		_EnableTransceiverRX		CODE           	EA6A	0000	15
		_UART_Initialize		CODE           	F014	0000	497
		_EnableTransceiverTX		CODE           	EA86	0000	15
		_PutChar9      		CODE           	EC0E	0000	115

uart.c estimated size: 1032

fifo.c
		_FifoDequeue   		CODE           	ED7E	0000	143
		_IsFifoFull    		CODE           	EB46	0000	41
		_FifoEnqueue   		CODE           	EC80	0000	125
		_IsFifoEmpty   		CODE           	EACE	0000	27
		_FifoInitialize		CODE           	EBCC	0000	67

fifo.c estimated size: 403

galaxy.c
		_compute_crc   		CODE           	EE0C	0000	157

galaxy.c estimated size: 157

shared
		_table_crc     		MEDIUMCONST    	FDFF	0000	513
		__initialization		CODE           	EB96	0000	45

shared estimated size: 558

C:\Program Files (x86)\Microchip\xc8\v1.45\sources\common\lldiv.c
		___lldiv       		CODE           	ECFC	0000	131

C:\Program Files (x86)\Microchip\xc8\v1.45\sources\common\lldiv.c estimated size: 131

main.c
		_TinyDelay     		CODE           	EEA8	0000	171
		_main          		CODE           	F528	0000	2263
		_DigitalBreakout		CODE           	F204	0000	805

main.c estimated size: 3239

osc.c
		_ConfigureOscillator		CODE           	EAA4	0000	19

osc.c estimated size: 19

